[www.apnaproject.com/index.html]
[backblue.gif]
[fade.gif]
[index.html]
[framerusercontent.com/images/5wompyT262924DqHKGMl9wxT0kE.png]
[www.apnaproject.com/project.html]
[framerusercontent.com/images/x7irj2tTDsOHZJ2oUKUBrrLuuk.png]
[www.apnaproject.com/blogs.html]
[framerusercontent.com/images/62YAdwWKtHA2uxeG6IcB2wGOI.png]
[www.apnaproject.com/index.html]
[framerusercontent.com/images/evXMLrD4m40Xco7EEEfyeWwmakM.png]
[framerusercontent.com/images/tomsHHPfxCuGKyneqaFy60qKo.png]
[framerusercontent.com/images/d4dkAqhdDLZr6SIUlU3dFtldo2g.png]
[framerusercontent.com/images/T0oPOT1FP4hEUmsqj1Pumkq2Jpc.png]
[framerusercontent.com/images/HnYwB4OyxxN2jKB0vqgjeEeaS4.png]
[framerusercontent.com/images/czYinrgE4on8YLDneCe1EWKnj8.png]
[framerusercontent.com/images/Xi6fAxl5N24PxqNv5YvQflHRFU.png]
[framerusercontent.com/images/Z6G9XAnOCZOHHBogjFonN8q9cg.png]
[framerusercontent.com/images/BzYgdhr4WiilvmZRuq6QWqdcv4.png]
[framerusercontent.com/images/gz3g6Z8JINeNvufU8SFJIRHh8mo.png]
[www.apnaproject.com/project.html]
[framerusercontent.com/images/0pPdWRuQ4pkKDk6LIZlDeGFaQigbf23.png]
[www.apnaproject.com/blog-saas.html]
[www.apnaproject.com/blogs.html]
[www.apnaproject.com/blog-fm.html]
[framerusercontent.com/images/fZfhgWwG1aVP3OB4M0oFmPq9ixI.png]
[www.apnaproject.com/blog-saas.html]
[framerusercontent.com/images/rpn4yLMi3xiTldu8jqWWaKocdc.jpg]
[framerusercontent.com/images/6DSZsXSnuqPH16JtsoaLd6iz0pA.jpg]
[www.apnaproject.com/blog-fm.html]
